
  .   ____          _            __ _ _
 /\\ / ___'_ __ _ _(_)_ __  __ _ \ \ \ \
( ( )\___ | '_ | '_| | '_ \/ _` | \ \ \ \
 \\/  ___)| |_)| | | | | || (_| |  ) ) ) )
  '  |____| .__|_| |_|_| |_\__, | / / / /
 =========|_|==============|___/=/_/_/_/
 :: Spring Boot ::                (v3.2.5)

2026-04-07T16:56:41.318+08:00  INFO 34924 --- [           main] com.daylog.DaylogApplication             : Starting DaylogApplication v0.0.1-SNAPSHOT using Java 21.0.7 with PID 34924 (D:\ai-work\work1\daylog-backend\target\daylog-backend-0.0.1-SNAPSHOT.jar started by 14978 in D:\ai-work\work1\daylog-backend)
2026-04-07T16:56:41.322+08:00 DEBUG 34924 --- [           main] com.daylog.DaylogApplication             : Running with Spring Boot v3.2.5, Spring v6.1.6
2026-04-07T16:56:41.324+08:00  INFO 34924 --- [           main] com.daylog.DaylogApplication             : No active profile set, falling back to 1 default profile: "default"
2026-04-07T16:56:42.600+08:00  INFO 34924 --- [           main] .s.d.r.c.RepositoryConfigurationDelegate : Bootstrapping Spring Data JPA repositories in DEFAULT mode.
2026-04-07T16:56:42.887+08:00  INFO 34924 --- [           main] .s.d.r.c.RepositoryConfigurationDelegate : Finished Spring Data repository scanning in 254 ms. Found 6 JPA repository interfaces.
2026-04-07T16:56:43.624+08:00  INFO 34924 --- [           main] o.s.b.w.embedded.tomcat.TomcatWebServer  : Tomcat initialized with port 8080 (http)
2026-04-07T16:56:43.660+08:00  INFO 34924 --- [           main] o.apache.catalina.core.StandardService   : Starting service [Tomcat]
2026-04-07T16:56:43.660+08:00  INFO 34924 --- [           main] o.apache.catalina.core.StandardEngine    : Starting Servlet engine: [Apache Tomcat/10.1.20]
2026-04-07T16:56:43.723+08:00  INFO 34924 --- [           main] o.a.c.c.C.[Tomcat].[localhost].[/]       : Initializing Spring embedded WebApplicationContext
2026-04-07T16:56:43.726+08:00  INFO 34924 --- [           main] w.s.c.ServletWebServerApplicationContext : Root WebApplicationContext: initialization completed in 2286 ms
2026-04-07T16:56:43.857+08:00 DEBUG 34924 --- [           main] c.d.security.JwtAuthenticationFilter     : Filter 'jwtAuthenticationFilter' configured for use
2026-04-07T16:56:44.098+08:00  INFO 34924 --- [           main] o.hibernate.jpa.internal.util.LogHelper  : HHH000204: Processing PersistenceUnitInfo [name: default]
2026-04-07T16:56:44.187+08:00  INFO 34924 --- [           main] org.hibernate.Version                    : HHH000412: Hibernate ORM core version 6.4.4.Final
2026-04-07T16:56:44.239+08:00  INFO 34924 --- [           main] o.h.c.internal.RegionFactoryInitiator    : HHH000026: Second-level cache disabled
2026-04-07T16:56:44.469+08:00  INFO 34924 --- [           main] o.s.o.j.p.SpringPersistenceUnitInfo      : No LoadTimeWeaver setup: ignoring JPA class transformer
2026-04-07T16:56:44.518+08:00  INFO 34924 --- [           main] com.zaxxer.hikari.HikariDataSource       : HikariPool-1 - Starting...
2026-04-07T16:56:45.149+08:00  INFO 34924 --- [           main] com.zaxxer.hikari.pool.HikariPool        : HikariPool-1 - Added connection com.mysql.cj.jdbc.ConnectionImpl@45311a99
2026-04-07T16:56:45.175+08:00  INFO 34924 --- [           main] com.zaxxer.hikari.HikariDataSource       : HikariPool-1 - Start completed.
2026-04-07T16:56:45.266+08:00  WARN 34924 --- [           main] org.hibernate.orm.deprecation            : HHH90000025: MySQLDialect does not need to be specified explicitly using 'hibernate.dialect' (remove the property setting and it will be selected by default)
2026-04-07T16:56:45.774+08:00  WARN 34924 --- [           main] org.hibernate.mapping.RootClass          : HHH000038: Composite-id class does not override equals(): com.daylog.entity.ContentTag$ContentTagId
2026-04-07T16:56:45.796+08:00  WARN 34924 --- [           main] org.hibernate.mapping.RootClass          : HHH000039: Composite-id class does not override hashCode(): com.daylog.entity.ContentTag$ContentTagId
2026-04-07T16:56:46.501+08:00  INFO 34924 --- [           main] o.h.e.t.j.p.i.JtaPlatformInitiator       : HHH000489: No JTA platform available (set 'hibernate.transaction.jta.platform' to enable JTA platform integration)
2026-04-07T16:56:46.624+08:00  INFO 34924 --- [           main] j.LocalContainerEntityManagerFactoryBean : Initialized JPA EntityManagerFactory for persistence unit 'default'
2026-04-07T16:56:47.165+08:00  INFO 34924 --- [           main] o.s.d.j.r.query.QueryEnhancerFactory     : Hibernate is in classpath; If applicable, HQL parser will be used.
2026-04-07T16:56:48.410+08:00  WARN 34924 --- [           main] JpaBaseConfiguration$JpaWebConfiguration : spring.jpa.open-in-view is enabled by default. Therefore, database queries may be performed during view rendering. Explicitly configure spring.jpa.open-in-view to disable this warning
2026-04-07T16:56:48.450+08:00  WARN 34924 --- [           main] .s.s.UserDetailsServiceAutoConfiguration : 

Using generated security password: 1705f584-0e43-42e6-8ab3-e89d387021bc

This generated password is for development use only. Your security configuration must be updated before running your application in production.

2026-04-07T16:56:48.887+08:00  INFO 34924 --- [           main] o.s.s.web.DefaultSecurityFilterChain     : Will secure any request with [org.springframework.security.web.session.DisableEncodeUrlFilter@27c05ed9, org.springframework.security.web.context.request.async.WebAsyncManagerIntegrationFilter@61377842, org.springframework.security.web.context.SecurityContextHolderFilter@432e61f1, org.springframework.security.web.header.HeaderWriterFilter@1e490ed, org.springframework.web.filter.CorsFilter@51cbd1d, org.springframework.security.web.authentication.logout.LogoutFilter@54fb9c08, com.daylog.security.JwtAuthenticationFilter@101cf747, org.springframework.security.web.savedrequest.RequestCacheAwareFilter@6967cdee, org.springframework.security.web.servletapi.SecurityContextHolderAwareRequestFilter@4c33450c, org.springframework.security.web.authentication.AnonymousAuthenticationFilter@26f29ee5, org.springframework.security.web.session.SessionManagementFilter@53eb4ef5, org.springframework.security.web.access.ExceptionTranslationFilter@46a6f51b, org.springframework.security.web.access.intercept.AuthorizationFilter@12aa9370]
2026-04-07T16:56:49.376+08:00  INFO 34924 --- [           main] o.s.b.w.embedded.tomcat.TomcatWebServer  : Tomcat started on port 8080 (http) with context path ''
2026-04-07T16:56:49.425+08:00  INFO 34924 --- [           main] com.daylog.DaylogApplication             : Started DaylogApplication in 8.691 seconds (process running for 9.568)
